Archive member included to satisfy reference by file (symbol)

C:/ST/STM32CubeIDE_1.19.0/STM32CubeIDE/plugins/com.st.stm32cube.ide.mcu.externaltools.gnu-tools-for-stm32.13.3.rel1.win32_1.0.100.202509120712/tools/bin/../lib/gcc/arm-none-eabi/13.3.1/../../../../arm-none-eabi/lib/thumb/v7e-m+fp/hard\libc_nano.a(libc_a-exit.o)
                              C:/ST/STM32CubeIDE_1.19.0/STM32CubeIDE/plugins/com.st.stm32cube.ide.mcu.externaltools.gnu-tools-for-stm32.13.3.rel1.win32_1.0.100.202509120712/tools/bin/../lib/gcc/arm-none-eabi/13.3.1/../../../../arm-none-eabi/lib/thumb/v7e-m+fp/hard/crt0.o (exit)
C:/ST/STM32CubeIDE_1.19.0/STM32CubeIDE/plugins/com.st.stm32cube.ide.mcu.externaltools.gnu-tools-for-stm32.13.3.rel1.win32_1.0.100.202509120712/tools/bin/../lib/gcc/arm-none-eabi/13.3.1/../../../../arm-none-eabi/lib/thumb/v7e-m+fp/hard\libc_nano.a(libc_a-findfp.o)
                              C:/ST/STM32CubeIDE_1.19.0/STM32CubeIDE/plugins/com.st.stm32cube.ide.mcu.externaltools.gnu-tools-for-stm32.13.3.rel1.win32_1.0.100.202509120712/tools/bin/../lib/gcc/arm-none-eabi/13.3.1/../../../../arm-none-eabi/lib/thumb/v7e-m+fp/hard\libc_nano.a(libc_a-exit.o) (__stdio_exit_handler)
C:/ST/STM32CubeIDE_1.19.0/STM32CubeIDE/plugins/com.st.stm32cube.ide.mcu.externaltools.gnu-tools-for-stm32.13.3.rel1.win32_1.0.100.202509120712/tools/bin/../lib/gcc/arm-none-eabi/13.3.1/../../../../arm-none-eabi/lib/thumb/v7e-m+fp/hard\libc_nano.a(libc_a-fwalk.o)
                              C:/ST/STM32CubeIDE_1.19.0/STM32CubeIDE/plugins/com.st.stm32cube.ide.mcu.externaltools.gnu-tools-for-stm32.13.3.rel1.win32_1.0.100.202509120712/tools/bin/../lib/gcc/arm-none-eabi/13.3.1/../../../../arm-none-eabi/lib/thumb/v7e-m+fp/hard\libc_nano.a(libc_a-findfp.o) (_fwalk_sglue)
C:/ST/STM32CubeIDE_1.19.0/STM32CubeIDE/plugins/com.st.stm32cube.ide.mcu.externaltools.gnu-tools-for-stm32.13.3.rel1.win32_1.0.100.202509120712/tools/bin/../lib/gcc/arm-none-eabi/13.3.1/../../../../arm-none-eabi/lib/thumb/v7e-m+fp/hard\libc_nano.a(libc_a-stdio.o)
                              C:/ST/STM32CubeIDE_1.19.0/STM32CubeIDE/plugins/com.st.stm32cube.ide.mcu.externaltools.gnu-tools-for-stm32.13.3.rel1.win32_1.0.100.202509120712/tools/bin/../lib/gcc/arm-none-eabi/13.3.1/../../../../arm-none-eabi/lib/thumb/v7e-m+fp/hard\libc_nano.a(libc_a-findfp.o) (__sread)
C:/ST/STM32CubeIDE_1.19.0/STM32CubeIDE/plugins/com.st.stm32cube.ide.mcu.externaltools.gnu-tools-for-stm32.13.3.rel1.win32_1.0.100.202509120712/tools/bin/../lib/gcc/arm-none-eabi/13.3.1/../../../../arm-none-eabi/lib/thumb/v7e-m+fp/hard\libc_nano.a(libc_a-memset.o)
                              C:/ST/STM32CubeIDE_1.19.0/STM32CubeIDE/plugins/com.st.stm32cube.ide.mcu.externaltools.gnu-tools-for-stm32.13.3.rel1.win32_1.0.100.202509120712/tools/bin/../lib/gcc/arm-none-eabi/13.3.1/../../../../arm-none-eabi/lib/thumb/v7e-m+fp/hard/crt0.o (memset)
C:/ST/STM32CubeIDE_1.19.0/STM32CubeIDE/plugins/com.st.stm32cube.ide.mcu.externaltools.gnu-tools-for-stm32.13.3.rel1.win32_1.0.100.202509120712/tools/bin/../lib/gcc/arm-none-eabi/13.3.1/../../../../arm-none-eabi/lib/thumb/v7e-m+fp/hard\libc_nano.a(libc_a-closer.o)
                              C:/ST/STM32CubeIDE_1.19.0/STM32CubeIDE/plugins/com.st.stm32cube.ide.mcu.externaltools.gnu-tools-for-stm32.13.3.rel1.win32_1.0.100.202509120712/tools/bin/../lib/gcc/arm-none-eabi/13.3.1/../../../../arm-none-eabi/lib/thumb/v7e-m+fp/hard\libc_nano.a(libc_a-stdio.o) (_close_r)
C:/ST/STM32CubeIDE_1.19.0/STM32CubeIDE/plugins/com.st.stm32cube.ide.mcu.externaltools.gnu-tools-for-stm32.13.3.rel1.win32_1.0.100.202509120712/tools/bin/../lib/gcc/arm-none-eabi/13.3.1/../../../../arm-none-eabi/lib/thumb/v7e-m+fp/hard\libc_nano.a(libc_a-reent.o)
                              C:/ST/STM32CubeIDE_1.19.0/STM32CubeIDE/plugins/com.st.stm32cube.ide.mcu.externaltools.gnu-tools-for-stm32.13.3.rel1.win32_1.0.100.202509120712/tools/bin/../lib/gcc/arm-none-eabi/13.3.1/../../../../arm-none-eabi/lib/thumb/v7e-m+fp/hard\libc_nano.a(libc_a-closer.o) (errno)
C:/ST/STM32CubeIDE_1.19.0/STM32CubeIDE/plugins/com.st.stm32cube.ide.mcu.externaltools.gnu-tools-for-stm32.13.3.rel1.win32_1.0.100.202509120712/tools/bin/../lib/gcc/arm-none-eabi/13.3.1/../../../../arm-none-eabi/lib/thumb/v7e-m+fp/hard\libc_nano.a(libc_a-impure.o)
                              C:/ST/STM32CubeIDE_1.19.0/STM32CubeIDE/plugins/com.st.stm32cube.ide.mcu.externaltools.gnu-tools-for-stm32.13.3.rel1.win32_1.0.100.202509120712/tools/bin/../lib/gcc/arm-none-eabi/13.3.1/../../../../arm-none-eabi/lib/thumb/v7e-m+fp/hard\libc_nano.a(libc_a-reent.o) (_impure_ptr)
C:/ST/STM32CubeIDE_1.19.0/STM32CubeIDE/plugins/com.st.stm32cube.ide.mcu.externaltools.gnu-tools-for-stm32.13.3.rel1.win32_1.0.100.202509120712/tools/bin/../lib/gcc/arm-none-eabi/13.3.1/../../../../arm-none-eabi/lib/thumb/v7e-m+fp/hard\libc_nano.a(libc_a-lseekr.o)
[...]
Memory Configuration

Name             Origin             Length             Attributes
RAM              0x20000000         0x00020000         xrw
FLASH            0x08000000         0x00080000         xr
*default*        0x00000000         0xffffffff

Linker script and memory map

LOAD C:/ST/STM32CubeIDE_1.19.0/STM32CubeIDE/plugins/com.st.stm32cube.ide.mcu.externaltools.gnu-tools-for-stm32.13.3.rel1.win32_1.0.100.202509120712/tools/bin/../lib/gcc/arm-none-eabi/13.3.1/thumb/v7e-m+fp/hard/crti.o
LOAD C:/ST/STM32CubeIDE_1.19.0/STM32CubeIDE/plugins/com.st.stm32cube.ide.mcu.externaltools.gnu-tools-for-stm32.13.3.rel1.win32_1.0.100.202509120712/tools/bin/../lib/gcc/arm-none-eabi/13.3.1/thumb/v7e-m+fp/hard/crtbegin.o
LOAD C:/ST/STM32CubeIDE_1.19.0/STM32CubeIDE/plugins/com.st.stm32cube.ide.mcu.externaltools.gnu-tools-for-stm32.13.3.rel1.win32_1.0.100.202509120712/tools/bin/../lib/gcc/arm-none-eabi/13.3.1/../../../../arm-none-eabi/lib/thumb/v7e-m+fp/hard/crt0.o
LOAD ./Core/Src/HCSR04.o
LOAD ./Core/Src/gpio.o
LOAD ./Core/Src/kalman.o
LOAD ./Core/Src/main.o
LOAD ./Core/Src/stm32g4xx_hal_msp.o
LOAD ./Core/Src/stm32g4xx_it.o
LOAD ./Core/Src/syscalls.o
LOAD ./Core/Src/sysmem.o
LOAD ./Core/Src/system_stm32g4xx.o
LOAD ./Core/Src/tim.o
LOAD ./Core/Startup/startup_stm32g474retx.o
LOAD ./Drivers/STM32G4xx_HAL_Driver/Src/stm32g4xx_hal.o
LOAD ./Drivers/STM32G4xx_HAL_Driver/Src/stm32g4xx_hal_cortex.o
LOAD ./Drivers/STM32G4xx_HAL_Driver/Src/stm32g4xx_hal_dma.o
LOAD ./Drivers/STM32G4xx_HAL_Driver/Src/stm32g4xx_hal_dma_ex.o
LOAD ./Drivers/STM32G4xx_HAL_Driver/Src/stm32g4xx_hal_exti.o
LOAD ./Drivers/STM32G4xx_HAL_Driver/Src/stm32g4xx_hal_flash.o
LOAD ./Drivers/STM32G4xx_HAL_Driver/Src/stm32g4xx_hal_flash_ex.o
LOAD ./Drivers/STM32G4xx_HAL_Driver/Src/stm32g4xx_hal_flash_ramfunc.o
LOAD ./Drivers/STM32G4xx_HAL_Driver/Src/stm32g4xx_hal_gpio.o
LOAD ./Drivers/STM32G4xx_HAL_Driver/Src/stm32g4xx_hal_pwr.o
LOAD ./Drivers/STM32G4xx_HAL_Driver/Src/stm32g4xx_hal_pwr_ex.o
LOAD ./Drivers/STM32G4xx_HAL_Driver/Src/stm32g4xx_hal_rcc.o
LOAD ./Drivers/STM32G4xx_HAL_Driver/Src/stm32g4xx_hal_rcc_ex.o
LOAD ./Drivers/STM32G4xx_HAL_Driver/Src/stm32g4xx_hal_tim.o
LOAD ./Drivers/STM32G4xx_HAL_Driver/Src/stm32g4xx_hal_tim_ex.o
START GROUP
LOAD C:/ST/STM32CubeIDE_1.19.0/STM32CubeIDE/plugins/com.st.stm32cube.ide.mcu.externaltools.gnu-tools-for-stm32.13.3.rel1.win32_1.0.100.202509120712/tools/bin/../lib/gcc/arm-none-eabi/13.3.1/../../../../arm-none-eabi/lib/thumb/v7e-m+fp/hard\libc_nano.a
LOAD C:/ST/STM32CubeIDE_1.19.0/STM32CubeIDE/plugins/com.st.stm32cube.ide.mcu.externaltools.gnu-tools-for-stm32.13.3.rel1.win32_1.0.100.202509120712/tools/bin/../lib/gcc/arm-none-eabi/13.3.1/../../../../arm-none-eabi/lib/thumb/v7e-m+fp/hard\libm.a
END GROUP
START GROUP
LOAD C:/ST/STM32CubeIDE_1.19.0/STM32CubeIDE/plugins/com.st.stm32cube.ide.mcu.externaltools.gnu-tools-for-stm32.13.3.rel1.win32_1.0.100.202509120712/tools/bin/../lib/gcc/arm-none-eabi/13.3.1/thumb/v7e-m+fp/hard\libgcc.a
LOAD C:/ST/STM32CubeIDE_1.19.0/STM32CubeIDE/plugins/com.st.stm32cube.ide.mcu.externaltools.gnu-tools-for-stm32.13.3.rel1.win32_1.0.100.202509120712/tools/bin/../lib/gcc/arm-none-eabi/13.3.1/../../../../arm-none-eabi/lib/thumb/v7e-m+fp/hard\libc_nano.a
END GROUP
START GROUP
LOAD C:/ST/STM32CubeIDE_1.19.0/STM32CubeIDE/plugins/com.st.stm32cube.ide.mcu.externaltools.gnu-tools-for-stm32.13.3.rel1.win32_1.0.100.202509120712/tools/bin/../lib/gcc/arm-none-eabi/13.3.1/thumb/v7e-m+fp/hard\libgcc.a
LOAD C:/ST/STM32CubeIDE_1.19.0/STM32CubeIDE/plugins/com.st.stm32cube.ide.mcu.externaltools.gnu-tools-for-stm32.13.3.rel1.win32_1.0.100.202509120712/tools/bin/../lib/gcc/arm-none-eabi/13.3.1/../../../../arm-none-eabi/lib/thumb/v7e-m+fp/hard\libc_nano.a
LOAD C:/ST/STM32CubeIDE_1.19.0/STM32CubeIDE/plugins/com.st.stm32cube.ide.mcu.externaltools.gnu-tools-for-stm32.13.3.rel1.win32_1.0.100.202509120712/tools/bin/../lib/gcc/arm-none-eabi/13.3.1/../../../../arm-none-eabi/lib/thumb/v7e-m+fp/hard\libnosys.a
END GROUP
START GROUP
LOAD C:/ST/STM32CubeIDE_1.19.0/STM32CubeIDE/plugins/com.st.stm32cube.ide.mcu.externaltools.gnu-tools-for-stm32.13.3.rel1.win32_1.0.100.202509120712/tools/bin/../lib/gcc/arm-none-eabi/13.3.1/thumb/v7e-m+fp/hard\libgcc.a
LOAD C:/ST/STM32CubeIDE_1.19.0/STM32CubeIDE/plugins/com.st.stm32cube.ide.mcu.externaltools.gnu-tools-for-stm32.13.3.rel1.win32_1.0.100.202509120712/tools/bin/../lib/gcc/arm-none-eabi/13.3.1/../../../../arm-none-eabi/lib/thumb/v7e-m+fp/hard\libc_nano.a
LOAD C:/ST/STM32CubeIDE_1.19.0/STM32CubeIDE/plugins/com.st.stm32cube.ide.mcu.externaltools.gnu-tools-for-stm32.13.3.rel1.win32_1.0.100.202509120712/tools/bin/../lib/gcc/arm-none-eabi/13.3.1/../../../../arm-none-eabi/lib/thumb/v7e-m+fp/hard\libnosys.a
END GROUP
LOAD C:/ST/STM32CubeIDE_1.19.0/STM32CubeIDE/plugins/com.st.stm32cube.ide.mcu.externaltools.gnu-tools-for-stm32.13.3.rel1.win32_1.0.100.202509120712/tools/bin/../lib/gcc/arm-none-eabi/13.3.1/thumb/v7e-m+fp/hard/crtend.o
LOAD C:/ST/STM32CubeIDE_1.19.0/STM32CubeIDE/plugins/com.st.stm32cube.ide.mcu.externaltools.gnu-tools-for-stm32.13.3.rel1.win32_1.0.100.202509120712/tools/bin/../lib/gcc/arm-none-eabi/13.3.1/thumb/v7e-m+fp/hard/crtn.o
                0x20020000                        _estack = (ORIGIN (RAM) + LENGTH (RAM))
                0x00000200                        _Min_Heap_Size = 0x200
                0x00000400                        _Min_Stack_Size = 0x400

.isr_vector     0x08000000      0x1d8
                0x08000000                        . = ALIGN (0x4)
 *(.isr_vector)
 .isr_vector    0x08000000      0x1d8 ./Core/Startup/startup_stm32g474retx.o
                0x08000000                g_pfnVectors
                0x080001d8                        . = ALIGN (0x4)

.text           0x080001d8     0x3f84
                0x080001d8                        . = ALIGN (0x4)
 *(.text)
 .text          0x080001d8       0x40 C:/ST/STM32CubeIDE_1.19.0/STM32CubeIDE/plugins/com.st.stm32cube.ide.mcu.externaltools.gnu-tools-for-stm32.13.3.rel1.win32_1.0.100.202509120712/tools/bin/../lib/gcc/arm-none-eabi/13.3.1/thumb/v7e-m+fp/hard/crtbegin.o
 *(.text*)
 .text.HCSR04_Init
                0x08000218       0xe4 ./Core/Src/HCSR04.o
                0x08000218                HCSR04_Init
 .text.HCSR04_Echo_Callback
                0x080002fc      0x2a0 ./Core/Src/HCSR04.o
                0x080002fc                HCSR04_Echo_Callback
 .text.HCSR04_Start
                0x0800059c       0x20 ./Core/Src/HCSR04.o
                0x0800059c                HCSR04_Start
 .text.HCSR04_Read
                0x080005bc       0x1c ./Core/Src/HCSR04.o
                0x080005bc                HCSR04_Read
 .text.MX_GPIO_Init
                0x080005d8      0x100 ./Core/Src/gpio.o
                0x080005d8                MX_GPIO_Init
 .text.KF_Init  0x080006d8      0x11c ./Core/Src/kalman.o
                0x080006d8                KF_Init
 .text.KF_Predict
                0x080007f4      0x1e0 ./Core/Src/kalman.o
                0x080007f4                KF_Predict
 .text.KF_Update
                0x080009d4      0x13c ./Core/Src/kalman.o
                0x080009d4                KF_Update
 .text.main     0x08000b10       0xa0 ./Core/Src/main.o
                0x08000b10                main
 .text.SystemClock_Config
                0x08000bb0       0x92 ./Core/Src/main.o
                0x08000bb0                SystemClock_Config
 .text.HAL_TIM_IC_CaptureCallback
                0x08000c42       0x16 ./Core/Src/main.o
                0x08000c42                HAL_TIM_IC_CaptureCallback
 .text.Error_Handler
                0x08000c58        0xe ./Core/Src/main.o
                0x08000c58                Error_Handler
 *fill*         0x08000c66        0x2 
 .text.HAL_MspInit
                0x08000c68       0x48 ./Core/Src/stm32g4xx_hal_msp.o
                0x08000c68                HAL_MspInit
 .text.NMI_Handler
                0x08000cb0        0x8 ./Core/Src/stm32g4xx_it.o
                0x08000cb0                NMI_Handler
 .text.HardFault_Handler
                0x08000cb8        0x8 ./Core/Src/stm32g4xx_it.o
                0x08000cb8                HardFault_Handler
 .text.MemManage_Handler
                0x08000cc0        0x8 ./Core/Src/stm32g4xx_it.o
                0x08000cc0                MemManage_Handler
 .text.BusFault_Handler
                0x08000cc8        0x8 ./Core/Src/stm32g4xx_it.o
                0x08000cc8                BusFault_Handler
 .text.UsageFault_Handler
                0x08000cd0        0x8 ./Core/Src/stm32g4xx_it.o
                0x08000cd0                UsageFault_Handler
 .text.SVC_Handler
                0x08000cd8        0xe ./Core/Src/stm32g4xx_it.o
                0x08000cd8                SVC_Handler
 .text.DebugMon_Handler
                0x08000ce6        0xe ./Core/Src/stm32g4xx_it.o
                0x08000ce6                DebugMon_Handler
 .text.PendSV_Handler
                0x08000cf4        0xe ./Core/Src/stm32g4xx_it.o
                0x08000cf4                PendSV_Handler
 .text.SysTick_Handler
                0x08000d02        0xc ./Core/Src/stm32g4xx_it.o
                0x08000d02                SysTick_Handler
 *fill*         0x08000d0e        0x2 
 .text.TIM1_CC_IRQHandler
                0x08000d10       0x14 ./Core/Src/stm32g4xx_it.o
                0x08000d10                TIM1_CC_IRQHandler
 .text.EXTI15_10_IRQHandler
                0x08000d24       0x10 ./Core/Src/stm32g4xx_it.o
                0x08000d24                EXTI15_10_IRQHandler
 .text.SystemInit
                0x08000d34       0x24 ./Core/Src/system_stm32g4xx.o
                0x08000d34                SystemInit
 .text.MX_TIM1_Init
                0x08000d58       0xec ./Core/Src/tim.o
                0x08000d58                MX_TIM1_Init
 .text.MX_TIM3_Init
                0x08000e44       0xf0 ./Core/Src/tim.o
                0x08000e44                MX_TIM3_Init
 .text.HAL_TIM_Base_MspInit
                0x08000f34       0xc0 ./Core/Src/tim.o
                0x08000f34                HAL_TIM_Base_MspInit
 .text.HAL_TIM_MspPostInit
                0x08000ff4       0x6c ./Core/Src/tim.o
                0x08000ff4                HAL_TIM_MspPostInit
 .text.Reset_Handler
                0x08001060       0x50 ./Core/Startup/startup_stm32g474retx.o
                0x08001060                Reset_Handler
 .text.Default_Handler
                0x080010b0        0x2 ./Core/Startup/startup_stm32g474retx.o
                0x080010b0                RTC_Alarm_IRQHandler
                0x080010b0                EXTI2_IRQHandler
                0x080010b0                TIM8_TRG_COM_IRQHandler
                0x080010b0                TIM8_CC_IRQHandler
                0x080010b0                HRTIM1_Master_IRQHandler
                0x080010b0                SPI4_IRQHandler
                0x080010b0                FDCAN3_IT0_IRQHandler
                0x080010b0                HRTIM1_FLT_IRQHandler
                0x080010b0                HRTIM1_TIMF_IRQHandler
                0x080010b0                USB_HP_IRQHandler
                0x080010b0                CORDIC_IRQHandler
                0x080010b0                HRTIM1_TIMD_IRQHandler
                0x080010b0                DMA2_Channel8_IRQHandler
                0x080010b0                EXTI3_IRQHandler
                0x080010b0                I2C3_ER_IRQHandler
                0x080010b0                EXTI0_IRQHandler
                0x080010b0                I2C2_EV_IRQHandler
                0x080010b0                FPU_IRQHandler
                0x080010b0                FDCAN1_IT1_IRQHandler
                0x080010b0                TIM1_UP_TIM16_IRQHandler
                0x080010b0                ADC1_2_IRQHandler
                0x080010b0                HRTIM1_TIME_IRQHandler
                0x080010b0                SPI1_IRQHandler
                0x080010b0                TIM6_DAC_IRQHandler
                0x080010b0                HRTIM1_TIMC_IRQHandler
                0x080010b0                TIM8_UP_IRQHandler
                0x080010b0                DMA2_Channel2_IRQHandler
                0x080010b0                DMA1_Channel4_IRQHandler
                0x080010b0                TIM20_TRG_COM_IRQHandler
                0x080010b0                USART3_IRQHandler
                0x080010b0                DMA1_Channel7_IRQHandler
                0x080010b0                UART5_IRQHandler
                0x080010b0                ADC3_IRQHandler
                0x080010b0                TIM4_IRQHandler
                0x080010b0                DMA2_Channel1_IRQHandler
                0x080010b0                QUADSPI_IRQHandler
                0x080010b0                I2C1_EV_IRQHandler
                0x080010b0                DMA1_Channel6_IRQHandler
                0x080010b0                UART4_IRQHandler
                0x080010b0                DMA2_Channel4_IRQHandler
                0x080010b0                TIM3_IRQHandler
                0x080010b0                RCC_IRQHandler
                0x080010b0                TIM20_UP_IRQHandler
                0x080010b0                DMA1_Channel1_IRQHandler
                0x080010b0                Default_Handler
                0x080010b0                DMA2_Channel7_IRQHandler
                0x080010b0                RTC_TAMP_LSECSS_IRQHandler
                0x080010b0                FMAC_IRQHandler
                0x080010b0                DMA1_Channel8_IRQHandler
                0x080010b0                HRTIM1_TIMA_IRQHandler
                0x080010b0                TIM7_DAC_IRQHandler
                0x080010b0                FDCAN3_IT1_IRQHandler
                0x080010b0                TIM5_IRQHandler
                0x080010b0                UCPD1_IRQHandler
                0x080010b0                I2C3_EV_IRQHandler
                0x080010b0                EXTI9_5_IRQHandler
                0x080010b0                RTC_WKUP_IRQHandler
                0x080010b0                PVD_PVM_IRQHandler
                0x080010b0                SPI2_IRQHandler
                0x080010b0                ADC5_IRQHandler
                0x080010b0                DMA2_Channel5_IRQHandler
                0x080010b0                CRS_IRQHandler
                0x080010b0                DMA1_Channel5_IRQHandler
                0x080010b0                USB_LP_IRQHandler
                0x080010b0                EXTI4_IRQHandler
                0x080010b0                RNG_IRQHandler
                0x080010b0                HRTIM1_TIMB_IRQHandler
                0x080010b0                TIM1_TRG_COM_TIM17_IRQHandler
                0x080010b0                FDCAN2_IT1_IRQHandler
                0x080010b0                DMA1_Channel3_IRQHandler
                0x080010b0                ADC4_IRQHandler
                0x080010b0                WWDG_IRQHandler
                0x080010b0                I2C4_EV_IRQHandler
                0x080010b0                FDCAN2_IT0_IRQHandler
                0x080010b0                LPUART1_IRQHandler
                0x080010b0                DMA2_Channel6_IRQHandler
                0x080010b0                FDCAN1_IT0_IRQHandler
                0x080010b0                TIM2_IRQHandler
                0x080010b0                COMP7_IRQHandler
                0x080010b0                COMP1_2_3_IRQHandler
                0x080010b0                EXTI1_IRQHandler
                0x080010b0                USART2_IRQHandler
                0x080010b0                COMP4_5_6_IRQHandler
                0x080010b0                TIM20_BRK_IRQHandler
                0x080010b0                I2C2_ER_IRQHandler
                0x080010b0                DMA1_Channel2_IRQHandler
                0x080010b0                TIM8_BRK_IRQHandler
                0x080010b0                FLASH_IRQHandler
                0x080010b0                TIM20_CC_IRQHandler
                0x080010b0                USART1_IRQHandler
                0x080010b0                SPI3_IRQHandler
                0x080010b0                I2C1_ER_IRQHandler
                0x080010b0                FMC_IRQHandler
                0x080010b0                LPTIM1_IRQHandler
                0x080010b0                DMAMUX_OVR_IRQHandler
                0x080010b0                I2C4_ER_IRQHandler
                0x080010b0                USBWakeUp_IRQHandler
                0x080010b0                SAI1_IRQHandler
                0x080010b0                DMA2_Channel3_IRQHandler
                0x080010b0                TIM1_BRK_TIM15_IRQHandler
 .text.HAL_Init
                0x080010b2       0x30 ./Drivers/STM32G4xx_HAL_Driver/Src/stm32g4xx_hal.o
                0x080010b2                HAL_Init
 *fill*         0x080010e2        0x2 
 .text.HAL_InitTick
                0x080010e4       0x74 ./Drivers/STM32G4xx_HAL_Driver/Src/stm32g4xx_hal.o
                0x080010e4                HAL_InitTick
 .text.HAL_IncTick
                0x08001158       0x24 ./Drivers/STM32G4xx_HAL_Driver/Src/stm32g4xx_hal.o
                0x08001158                HAL_IncTick
 .text.HAL_GetTick
                0x0800117c       0x18 ./Drivers/STM32G4xx_HAL_Driver/Src/stm32g4xx_hal.o
                0x0800117c                HAL_GetTick
 .text.__NVIC_SetPriorityGrouping
                0x08001194       0x48 ./Drivers/STM32G4xx_HAL_Driver/Src/stm32g4xx_hal_cortex.o
 .text.__NVIC_GetPriorityGrouping
                0x080011dc       0x1c ./Drivers/STM32G4xx_HAL_Driver/Src/stm32g4xx_hal_cortex.o
 .text.__NVIC_EnableIRQ
                0x080011f8       0x3c ./Drivers/STM32G4xx_HAL_Driver/Src/stm32g4xx_hal_cortex.o
 .text.__NVIC_SetPriority
                0x08001234       0x54 ./Drivers/STM32G4xx_HAL_Driver/Src/stm32g4xx_hal_cortex.o
 .text.NVIC_EncodePriority
                0x08001288       0x66 ./Drivers/STM32G4xx_HAL_Driver/Src/stm32g4xx_hal_cortex.o
 *fill*         0x080012ee        0x2 
 .text.SysTick_Config
                0x080012f0       0x44 ./Drivers/STM32G4xx_HAL_Driver/Src/stm32g4xx_hal_cortex.o
 .text.HAL_NVIC_SetPriorityGrouping
                0x08001334       0x16 ./Drivers/STM32G4xx_HAL_Driver/Src/stm32g4xx_hal_cortex.o
                0x08001334                HAL_NVIC_SetPriorityGrouping
 .text.HAL_NVIC_SetPriority
                0x0800134a       0x34 ./Drivers/STM32G4xx_HAL_Driver/Src/stm32g4xx_hal_cortex.o
                0x0800134a                HAL_NVIC_SetPriority
 .text.HAL_NVIC_EnableIRQ
                0x0800137e       0x1c ./Drivers/STM32G4xx_HAL_Driver/Src/stm32g4xx_hal_cortex.o
                0x0800137e                HAL_NVIC_EnableIRQ
 .text.HAL_SYSTICK_Config
                0x0800139a       0x18 ./Drivers/STM32G4xx_HAL_Driver/Src/stm32g4xx_hal_cortex.o
                0x0800139a                HAL_SYSTICK_Config
 *fill*         0x080013b2        0x2 
 .text.HAL_GPIO_Init
                0x080013b4      0x318 ./Drivers/STM32G4xx_HAL_Driver/Src/stm32g4xx_hal_gpio.o
                0x080013b4                HAL_GPIO_Init
 .text.HAL_GPIO_WritePin
                0x080016cc       0x30 ./Drivers/STM32G4xx_HAL_Driver/Src/stm32g4xx_hal_gpio.o
                0x080016cc                HAL_GPIO_WritePin
 .text.HAL_GPIO_TogglePin
                0x080016fc       0x34 ./Drivers/STM32G4xx_HAL_Driver/Src/stm32g4xx_hal_gpio.o
                0x080016fc                HAL_GPIO_TogglePin
 .text.HAL_GPIO_EXTI_IRQHandler
                0x08001730       0x30 ./Drivers/STM32G4xx_HAL_Driver/Src/stm32g4xx_hal_gpio.o
                0x08001730                HAL_GPIO_EXTI_IRQHandler
 .text.HAL_GPIO_EXTI_Callback
                0x08001760       0x16 ./Drivers/STM32G4xx_HAL_Driver/Src/stm32g4xx_hal_gpio.o
                0x08001760                HAL_GPIO_EXTI_Callback
 *fill*         0x08001776        0x2 
 .text.HAL_PWREx_ControlVoltageScaling
                0x08001778      0x148 ./Drivers/STM32G4xx_HAL_Driver/Src/stm32g4xx_hal_pwr_ex.o
                0x08001778                HAL_PWREx_ControlVoltageScaling
 .text.HAL_PWREx_DisableUCPDDeadBattery
                0x080018c0       0x20 ./Drivers/STM32G4xx_HAL_Driver/Src/stm32g4xx_hal_pwr_ex.o
                0x080018c0                HAL_PWREx_DisableUCPDDeadBattery
 .text.HAL_RCC_OscConfig
                0x080018e0      0x624 ./Drivers/STM32G4xx_HAL_Driver/Src/stm32g4xx_hal_rcc.o
                0x080018e0                HAL_RCC_OscConfig
 .text.HAL_RCC_ClockConfig
                0x08001f04      0x278 ./Drivers/STM32G4xx_HAL_Driver/Src/stm32g4xx_hal_rcc.o
                0x08001f04                HAL_RCC_ClockConfig
 .text.HAL_RCC_GetSysClockFreq
                0x0800217c       0xc4 ./Drivers/STM32G4xx_HAL_Driver/Src/stm32g4xx_hal_rcc.o
                0x0800217c                HAL_RCC_GetSysClockFreq
 .text.RCC_GetSysClockFreqFromPLLSource
                0x08002240       0x8c ./Drivers/STM32G4xx_HAL_Driver/Src/stm32g4xx_hal_rcc.o
 .text.HAL_TIM_Base_Init
                0x080022cc       0xae ./Drivers/STM32G4xx_HAL_Driver/Src/stm32g4xx_hal_tim.o
                0x080022cc                HAL_TIM_Base_Init
 .text.HAL_TIM_PWM_Init
                0x0800237a       0xae ./Drivers/STM32G4xx_HAL_Driver/Src/stm32g4xx_hal_tim.o
                0x0800237a                HAL_TIM_PWM_Init
 .text.HAL_TIM_PWM_MspInit
                0x08002428       0x14 ./Drivers/STM32G4xx_HAL_Driver/Src/stm32g4xx_hal_tim.o
                0x08002428                HAL_TIM_PWM_MspInit
 .text.HAL_TIM_PWM_Start
                0x0800243c      0x224 ./Drivers/STM32G4xx_HAL_Driver/Src/stm32g4xx_hal_tim.o
                0x0800243c                HAL_TIM_PWM_Start
 .text.HAL_TIM_IC_Init
                0x08002660       0xae ./Drivers/STM32G4xx_HAL_Driver/Src/stm32g4xx_hal_tim.o
                0x08002660                HAL_TIM_IC_Init
 .text.HAL_TIM_IC_MspInit
                0x0800270e       0x14 ./Drivers/STM32G4xx_HAL_Driver/Src/stm32g4xx_hal_tim.o
                0x0800270e                HAL_TIM_IC_MspInit
 *fill*         0x08002722        0x2 
 .text.HAL_TIM_IC_Start_IT
                0x08002724      0x2a0 ./Drivers/STM32G4xx_HAL_Driver/Src/stm32g4xx_hal_tim.o
                0x08002724                HAL_TIM_IC_Start_IT
 .text.HAL_TIM_IRQHandler
                0x080029c4      0x29e ./Drivers/STM32G4xx_HAL_Driver/Src/stm32g4xx_hal_tim.o
                0x080029c4                HAL_TIM_IRQHandler
 .text.HAL_TIM_IC_ConfigChannel
                0x08002c62      0x138 ./Drivers/STM32G4xx_HAL_Driver/Src/stm32g4xx_hal_tim.o
                0x08002c62                HAL_TIM_IC_ConfigChannel
 *fill*         0x08002d9a        0x2 
 .text.HAL_TIM_PWM_ConfigChannel
                0x08002d9c      0x228 ./Drivers/STM32G4xx_HAL_Driver/Src/stm32g4xx_hal_tim.o
                0x08002d9c                HAL_TIM_PWM_ConfigChannel
 .text.HAL_TIM_ConfigClockSource
                0x08002fc4      0x22c ./Drivers/STM32G4xx_HAL_Driver/Src/stm32g4xx_hal_tim.o
                0x08002fc4                HAL_TIM_ConfigClockSource
 .text.HAL_TIM_PeriodElapsedCallback
                0x080031f0       0x14 ./Drivers/STM32G4xx_HAL_Driver/Src/stm32g4xx_hal_tim.o
                0x080031f0                HAL_TIM_PeriodElapsedCallback
 .text.HAL_TIM_OC_DelayElapsedCallback
                0x08003204       0x14 ./Drivers/STM32G4xx_HAL_Driver/Src/stm32g4xx_hal_tim.o
                0x08003204                HAL_TIM_OC_DelayElapsedCallback
 .text.HAL_TIM_PWM_PulseFinishedCallback
                0x08003218       0x14 ./Drivers/STM32G4xx_HAL_Driver/Src/stm32g4xx_hal_tim.o
                0x08003218                HAL_TIM_PWM_PulseFinishedCallback
 .text.HAL_TIM_TriggerCallback
                0x0800322c       0x14 ./Drivers/STM32G4xx_HAL_Driver/Src/stm32g4xx_hal_tim.o
                0x0800322c                HAL_TIM_TriggerCallback
 .text.TIM_Base_SetConfig
                0x08003240      0x15c ./Drivers/STM32G4xx_HAL_Driver/Src/stm32g4xx_hal_tim.o
                0x08003240                TIM_Base_SetConfig
 .text.TIM_OC1_SetConfig
                0x0800339c      0x138 ./Drivers/STM32G4xx_HAL_Driver/Src/stm32g4xx_hal_tim.o
 .text.TIM_OC2_SetConfig
                0x080034d4      0x12c ./Drivers/STM32G4xx_HAL_Driver/Src/stm32g4xx_hal_tim.o
                0x080034d4                TIM_OC2_SetConfig
 .text.TIM_OC3_SetConfig
                0x08003600      0x128 ./Drivers/STM32G4xx_HAL_Driver/Src/stm32g4xx_hal_tim.o
 .text.TIM_OC4_SetConfig
                0x08003728      0x12c ./Drivers/STM32G4xx_HAL_Driver/Src/stm32g4xx_hal_tim.o
 .text.TIM_OC5_SetConfig
                0x08003854       0xd4 ./Drivers/STM32G4xx_HAL_Driver/Src/stm32g4xx_hal_tim.o
 .text.TIM_OC6_SetConfig
                0x08003928       0xd8 ./Drivers/STM32G4xx_HAL_Driver/Src/stm32g4xx_hal_tim.o
 .text.TIM_TI1_SetConfig
                0x08003a00      0x12c ./Drivers/STM32G4xx_HAL_Driver/Src/stm32g4xx_hal_tim.o
                0x08003a00                TIM_TI1_SetConfig
 .text.TIM_TI1_ConfigInputStage
                0x08003b2c       0xb4 ./Drivers/STM32G4xx_HAL_Driver/Src/stm32g4xx_hal_tim.o
 .text.TIM_TI2_SetConfig
                0x08003be0       0xac ./Drivers/STM32G4xx_HAL_Driver/Src/stm32g4xx_hal_tim.o
 .text.TIM_TI2_ConfigInputStage
                0x08003c8c       0x90 ./Drivers/STM32G4xx_HAL_Driver/Src/stm32g4xx_hal_tim.o
 .text.TIM_TI3_SetConfig
                0x08003d1c       0xa8 ./Drivers/STM32G4xx_HAL_Driver/Src/stm32g4xx_hal_tim.o
 .text.TIM_TI4_SetConfig
                0x08003dc4       0xac ./Drivers/STM32G4xx_HAL_Driver/Src/stm32g4xx_hal_tim.o
 .text.TIM_ITRx_SetConfig
                0x08003e70       0x3a ./Drivers/STM32G4xx_HAL_Driver/Src/stm32g4xx_hal_tim.o
 .text.TIM_ETR_SetConfig
                0x08003eaa       0x40 ./Drivers/STM32G4xx_HAL_Driver/Src/stm32g4xx_hal_tim.o
                0x08003eaa                TIM_ETR_SetConfig
 .text.TIM_CCxChannelCmd
                0x08003eea       0x4a ./Drivers/STM32G4xx_HAL_Driver/Src/stm32g4xx_hal_tim.o
                0x08003eea                TIM_CCxChannelCmd
 .text.HAL_TIMEx_MasterConfigSynchronization
                0x08003f34      0x12c ./Drivers/STM32G4xx_HAL_Driver/Src/stm32g4xx_hal_tim_ex.o
                0x08003f34                HAL_TIMEx_MasterConfigSynchronization
 .text.HAL_TIMEx_CommutCallback
                0x08004060       0x14 ./Drivers/STM32G4xx_HAL_Driver/Src/stm32g4xx_hal_tim_ex.o
                0x08004060                HAL_TIMEx_CommutCallback
 .text.HAL_TIMEx_BreakCallback
                0x08004074       0x14 ./Drivers/STM32G4xx_HAL_Driver/Src/stm32g4xx_hal_tim_ex.o
                0x08004074                HAL_TIMEx_BreakCallback
 .text.HAL_TIMEx_Break2Callback
                0x08004088       0x14 ./Drivers/STM32G4xx_HAL_Driver/Src/stm32g4xx_hal_tim_ex.o
                0x08004088                HAL_TIMEx_Break2Callback
 .text.HAL_TIMEx_EncoderIndexCallback
                0x0800409c       0x14 ./Drivers/STM32G4xx_HAL_Driver/Src/stm32g4xx_hal_tim_ex.o
                0x0800409c                HAL_TIMEx_EncoderIndexCallback
 .text.HAL_TIMEx_DirectionChangeCallback
                0x080040b0       0x14 ./Drivers/STM32G4xx_HAL_Driver/Src/stm32g4xx_hal_tim_ex.o
                0x080040b0                HAL_TIMEx_DirectionChangeCallback
 .text.HAL_TIMEx_IndexErrorCallback
                0x080040c4       0x14 ./Drivers/STM32G4xx_HAL_Driver/Src/stm32g4xx_hal_tim_ex.o
                0x080040c4                HAL_TIMEx_IndexErrorCallback
 .text.HAL_TIMEx_TransitionErrorCallback
                0x080040d8       0x14 ./Drivers/STM32G4xx_HAL_Driver/Src/stm32g4xx_hal_tim_ex.o
                0x080040d8                HAL_TIMEx_TransitionErrorCallback
 .text.memset   0x080040ec       0x10 C:/ST/STM32CubeIDE_1.19.0/STM32CubeIDE/plugins/com.st.stm32cube.ide.mcu.externaltools.gnu-tools-for-stm32.13.3.rel1.win32_1.0.100.202509120712/tools/bin/../lib/gcc/arm-none-eabi/13.3.1/../../../../arm-none-eabi/lib/thumb/v7e-m+fp/hard\libc_nano.a(libc_a-memset.o)
                0x080040ec                memset
 .text.__libc_init_array
                0x080040fc       0x48 C:/ST/STM32CubeIDE_1.19.0/STM32CubeIDE/plugins/com.st.stm32cube.ide.mcu.externaltools.gnu-tools-for-stm32.13.3.rel1.win32_1.0.100.202509120712/tools/bin/../lib/gcc/arm-none-eabi/13.3.1/../../../../arm-none-eabi/lib/thumb/v7e-m+fp/hard\libc_nano.a(libc_a-init.o)
                0x080040fc                __libc_init_array
 *(.glue_7)
 .glue_7        0x08004144        0x0 linker stubs
 *(.glue_7t)
 .glue_7t       0x08004144        0x0 linker stubs
 *(.eh_frame)
 .eh_frame      0x08004144        0x0 C:/ST/STM32CubeIDE_1.19.0/STM32CubeIDE/plugins/com.st.stm32cube.ide.mcu.externaltools.gnu-tools-for-stm32.13.3.rel1.win32_1.0.100.202509120712/tools/bin/../lib/gcc/arm-none-eabi/13.3.1/thumb/v7e-m+fp/hard/crtbegin.o
 *(.init)
 .init          0x08004144        0x4 C:/ST/STM32CubeIDE_1.19.0/STM32CubeIDE/plugins/com.st.stm32cube.ide.mcu.externaltools.gnu-tools-for-stm32.13.3.rel1.win32_1.0.100.202509120712/tools/bin/../lib/gcc/arm-none-eabi/13.3.1/thumb/v7e-m+fp/hard/crti.o
                0x08004144                _init
 .init          0x08004148        0x8 C:/ST/STM32CubeIDE_1.19.0/STM32CubeIDE/plugins/com.st.stm32cube.ide.mcu.externaltools.gnu-tools-for-stm32.13.3.rel1.win32_1.0.100.202509120712/tools/bin/../lib/gcc/arm-none-eabi/13.3.1/thumb/v7e-m+fp/hard/crtn.o
 *(.fini)
 .fini          0x08004150        0x4 C:/ST/STM32CubeIDE_1.19.0/STM32CubeIDE/plugins/com.st.stm32cube.ide.mcu.externaltools.gnu-tools-for-stm32.13.3.rel1.win32_1.0.100.202509120712/tools/bin/../lib/gcc/arm-none-eabi/13.3.1/thumb/v7e-m+fp/hard/crti.o
                0x08004150                _fini
 .fini          0x08004154        0x8 C:/ST/STM32CubeIDE_1.19.0/STM32CubeIDE/plugins/com.st.stm32cube.ide.mcu.externaltools.gnu-tools-for-stm32.13.3.rel1.win32_1.0.100.202509120712/tools/bin/../lib/gcc/arm-none-eabi/13.3.1/thumb/v7e-m+fp/hard/crtn.o
                0x0800415c                        . = ALIGN (0x4)
                0x0800415c                        _etext = .

.vfp11_veneer   0x0800415c        0x0
 .vfp11_veneer  0x0800415c        0x0 linker stubs

.v4_bx          0x0800415c        0x0
 .v4_bx         0x0800415c        0x0 linker stubs

.iplt           0x0800415c        0x0
 .iplt          0x0800415c        0x0 C:/ST/STM32CubeIDE_1.19.0/STM32CubeIDE/plugins/com.st.stm32cube.ide.mcu.externaltools.gnu-tools-for-stm32.13.3.rel1.win32_1.0.100.202509120712/tools/bin/../lib/gcc/arm-none-eabi/13.3.1/thumb/v7e-m+fp/hard/crtbegin.o

.rodata         0x0800415c       0x10
                0x0800415c                        . = ALIGN (0x4)
 *(.rodata)
 *(.rodata*)
 .rodata.AHBPrescTable
                0x0800415c       0x10 ./Core/Src/system_stm32g4xx.o
                0x0800415c                AHBPrescTable
                0x0800416c                        . = ALIGN (0x4)

.ARM.extab      0x0800416c        0x0
                0x0800416c                        . = ALIGN (0x4)
 *(.ARM.extab* .gnu.linkonce.armextab.*)
                0x0800416c                        . = ALIGN (0x4)

.ARM            0x0800416c        0x0
                0x0800416c                        . = ALIGN (0x4)
                0x0800416c                        __exidx_start = .
 *(.ARM.exidx*)
                0x0800416c                        __exidx_end = .
                0x0800416c                        . = ALIGN (0x4)

.preinit_array  0x0800416c        0x0
                0x0800416c                        . = ALIGN (0x4)
                0x0800416c                        PROVIDE (__preinit_array_start = .)
 *(.preinit_array*)
                0x0800416c                        PROVIDE (__preinit_array_end = .)
                0x0800416c                        . = ALIGN (0x4)

.init_array     0x0800416c        0x4
                0x0800416c                        . = ALIGN (0x4)
                0x0800416c                        PROVIDE (__init_array_start = .)
 *(SORT_BY_NAME(.init_array.*))
 *(.init_array*)
 .init_array    0x0800416c        0x4 C:/ST/STM32CubeIDE_1.19.0/STM32CubeIDE/plugins/com.st.stm32cube.ide.mcu.externaltools.gnu-tools-for-stm32.13.3.rel1.win32_1.0.100.202509120712/tools/bin/../lib/gcc/arm-none-eabi/13.3.1/thumb/v7e-m+fp/hard/crtbegin.o
                0x08004170                        PROVIDE (__init_array_end = .)
                0x08004170                        . = ALIGN (0x4)

.fini_array     0x08004170        0x4
                0x08004170                        . = ALIGN (0x4)
                [!provide]                        PROVIDE (__fini_array_start = .)
 *(SORT_BY_NAME(.fini_array.*))
 *(.fini_array*)
 .fini_array    0x08004170        0x4 C:/ST/STM32CubeIDE_1.19.0/STM32CubeIDE/plugins/com.st.stm32cube.ide.mcu.externaltools.gnu-tools-for-stm32.13.3.rel1.win32_1.0.100.202509120712/tools/bin/../lib/gcc/arm-none-eabi/13.3.1/thumb/v7e-m+fp/hard/crtbegin.o
                [!provide]                        PROVIDE (__fini_array_end = .)
                0x08004174                        . = ALIGN (0x4)
                0x08004174                        _sidata = LOADADDR (.data)

.rel.dyn        0x08004174        0x0
 .rel.iplt      0x08004174        0x0 C:/ST/STM32CubeIDE_1.19.0/STM32CubeIDE/plugins/com.st.stm32cube.ide.mcu.externaltools.gnu-tools-for-stm32.13.3.rel1.win32_1.0.100.202509120712/tools/bin/../lib/gcc/arm-none-eabi/13.3.1/thumb/v7e-m+fp/hard/crtbegin.o

.data           0x20000000        0xc load address 0x08004174
                0x20000000                        . = ALIGN (0x4)
                0x20000000                        _sdata = .
 *(.data)
 *(.data*)
 .data.SystemCoreClock
                0x20000000        0x4 ./Core/Src/system_stm32g4xx.o
                0x20000000                SystemCoreClock
 .data.uwTickPrio
                0x20000004        0x4 ./Drivers/STM32G4xx_HAL_Driver/Src/stm32g4xx_hal.o
                0x20000004                uwTickPrio
 .data.uwTickFreq
                0x20000008        0x4 ./Drivers/STM32G4xx_HAL_Driver/Src/stm32g4xx_hal.o
                0x20000008                uwTickFreq
 *(.RamFunc)
 *(.RamFunc*)
                0x2000000c                        . = ALIGN (0x4)
                0x2000000c                        _edata = .

.igot.plt       0x2000000c        0x0 load address 0x08004180
 .igot.plt      0x2000000c        0x0 C:/ST/STM32CubeIDE_1.19.0/STM32CubeIDE/plugins/com.st.stm32cube.ide.mcu.externaltools.gnu-tools-for-stm32.13.3.rel1.win32_1.0.100.202509120712/tools/bin/../lib/gcc/arm-none-eabi/13.3.1/thumb/v7e-m+fp/hard/crtbegin.o
                0x2000000c                        . = ALIGN (0x4)

.bss            0x2000000c      0x124 load address 0x08004180
                0x2000000c                        _sbss = .
                0x2000000c                        __bss_start__ = _sbss
 *(.bss)
 .bss           0x2000000c       0x1c C:/ST/STM32CubeIDE_1.19.0/STM32CubeIDE/plugins/com.st.stm32cube.ide.mcu.externaltools.gnu-tools-for-stm32.13.3.rel1.win32_1.0.100.202509120712/tools/bin/../lib/gcc/arm-none-eabi/13.3.1/thumb/v7e-m+fp/hard/crtbegin.o
 *(.bss*)
 .bss._HCSR     0x20000028        0x4 ./Core/Src/HCSR04.o
                0x20000028                _HCSR
 .bss._State    0x2000002c        0x1 ./Core/Src/HCSR04.o
                0x2000002c                _State
 *fill*         0x2000002d        0x3 
 .bss._Distance
                0x20000030        0x4 ./Core/Src/HCSR04.o
                0x20000030                _Distance
 .bss.hcsr      0x20000034       0x18 ./Core/Src/main.o
                0x20000034                hcsr
 .bss.kf        0x2000004c       0x44 ./Core/Src/main.o
                0x2000004c                kf
 .bss.distance  0x20000090        0x4 ./Core/Src/main.o
                0x20000090                distance
 .bss.htim1     0x20000094       0x4c ./Core/Src/tim.o
                0x20000094                htim1
 .bss.htim3     0x200000e0       0x4c ./Core/Src/tim.o
                0x200000e0                htim3
 .bss.uwTick    0x2000012c        0x4 ./Drivers/STM32G4xx_HAL_Driver/Src/stm32g4xx_hal.o
                0x2000012c                uwTick
 *(COMMON)
                0x20000130                        . = ALIGN (0x4)
                0x20000130                        _ebss = .
                0x20000130                        __bss_end__ = _ebss

._user_heap_stack
                0x20000130      0x600 load address 0x08004180
                0x20000130                        . = ALIGN (0x8)
                [!provide]                        PROVIDE (end = .)
                0x20000130                        PROVIDE (_end = .)
                0x20000330                        . = (. + _Min_Heap_Size)
 *fill*         0x20000130      0x200 
                0x20000730                        . = (. + _Min_Stack_Size)
 *fill*         0x20000330      0x400 
                0x20000730                        . = ALIGN (0x8)

/DISCARD/
 libc.a(*)
 libm.a(*)
 libgcc.a(*)

.ARM.attributes
                0x00000000       0x30
 *(.ARM.attributes)
 .ARM.attributes
                0x00000000       0x22 C:/ST/STM32CubeIDE_1.19.0/STM32CubeIDE/plugins/com.st.stm32cube.ide.mcu.externaltools.gnu-tools-for-stm32.13.3.rel1.win32_1.0.100.202509120712/tools/bin/../lib/gcc/arm-none-eabi/13.3.1/thumb/v7e-m+fp/hard/crti.o
 .ARM.attributes
                0x00000022       0x34 C:/ST/STM32CubeIDE_1.19.0/STM32CubeIDE/plugins/com.st.stm32cube.ide.mcu.externaltools.gnu-tools-for-stm32.13.3.rel1.win32_1.0.100.202509120712/tools/bin/../lib/gcc/arm-none-eabi/13.3.1/thumb/v7e-m+fp/hard/crtbegin.o
 .ARM.attributes
                0x00000056       0x34 ./Core/Src/HCSR04.o
 .ARM.attributes
                0x0000008a       0x34 ./Core/Src/gpio.o
 .ARM.attributes
                0x000000be       0x34 ./Core/Src/kalman.o
 .ARM.attributes
                0x000000f2       0x34 ./Core/Src/main.o
 .ARM.attributes
                0x00000126       0x34 ./Core/Src/stm32g4xx_hal_msp.o
 .ARM.attributes
                0x0000015a       0x34 ./Core/Src/stm32g4xx_it.o
 .ARM.attributes
                0x0000018e       0x34 ./Core/Src/system_stm32g4xx.o
 .ARM.attributes
                0x000001c2       0x34 ./Core/Src/tim.o
 .ARM.attributes
                0x000001f6       0x21 ./Core/Startup/startup_stm32g474retx.o
 .ARM.attributes
                0x00000217       0x34 ./Drivers/STM32G4xx_HAL_Driver/Src/stm32g4xx_hal.o
 .ARM.attributes
                0x0000024b       0x34 ./Drivers/STM32G4xx_HAL_Driver/Src/stm32g4xx_hal_cortex.o
 .ARM.attributes
                0x0000027f       0x34 ./Drivers/STM32G4xx_HAL_Driver/Src/stm32g4xx_hal_gpio.o
 .ARM.attributes
                0x000002b3       0x34 ./Drivers/STM32G4xx_HAL_Driver/Src/stm32g4xx_hal_pwr_ex.o
 .ARM.attributes
                0x000002e7       0x34 ./Drivers/STM32G4xx_HAL_Driver/Src/stm32g4xx_hal_rcc.o
 .ARM.attributes
                0x0000031b       0x34 ./Drivers/STM32G4xx_HAL_Driver/Src/stm32g4xx_hal_tim.o
 .ARM.attributes
                0x0000034f       0x34 ./Drivers/STM32G4xx_HAL_Driver/Src/stm32g4xx_hal_tim_ex.o
 .ARM.attributes
                0x00000383       0x34 C:/ST/STM32CubeIDE_1.19.0/STM32CubeIDE/plugins/com.st.stm32cube.ide.mcu.externaltools.gnu-tools-for-stm32.13.3.rel1.win32_1.0.100.202509120712/tools/bin/../lib/gcc/arm-none-eabi/13.3.1/../../../../arm-none-eabi/lib/thumb/v7e-m+fp/hard\libc_nano.a(libc_a-memset.o)
 .ARM.attributes
                0x000003b7       0x34 C:/ST/STM32CubeIDE_1.19.0/STM32CubeIDE/plugins/com.st.stm32cube.ide.mcu.externaltools.gnu-tools-for-stm32.13.3.rel1.win32_1.0.100.202509120712/tools/bin/../lib/gcc/arm-none-eabi/13.3.1/../../../../arm-none-eabi/lib/thumb/v7e-m+fp/hard\libc_nano.a(libc_a-init.o)
 .ARM.attributes
                0x000003eb       0x22 C:/ST/STM32CubeIDE_1.19.0/STM32CubeIDE/plugins/com.st.stm32cube.ide.mcu.externaltools.gnu-tools-for-stm32.13.3.rel1.win32_1.0.100.202509120712/tools/bin/../lib/gcc/arm-none-eabi/13.3.1/thumb/v7e-m+fp/hard/crtn.o
OUTPUT(FRA233_Lab3_State_Estimation.elf elf32-littlearm)
LOAD linker stubs
LOAD C:/ST/STM32CubeIDE_1.19.0/STM32CubeIDE/plugins/com.st.stm32cube.ide.mcu.externaltools.gnu-tools-for-stm32.13.3.rel1.win32_1.0.100.202509120712/tools/bin/../lib/gcc/arm-none-eabi/13.3.1/../../../../arm-none-eabi/lib/thumb/v7e-m+fp/hard\libc.a
LOAD C:/ST/STM32CubeIDE_1.19.0/STM32CubeIDE/plugins/com.st.stm32cube.ide.mcu.externaltools.gnu-tools-for-stm32.13.3.rel1.win32_1.0.100.202509120712/tools/bin/../lib/gcc/arm-none-eabi/13.3.1/../../../../arm-none-eabi/lib/thumb/v7e-m+fp/hard\libm.a
LOAD C:/ST/STM32CubeIDE_1.19.0/STM32CubeIDE/plugins/com.st.stm32cube.ide.mcu.externaltools.gnu-tools-for-stm32.13.3.rel1.win32_1.0.100.202509120712/tools/bin/../lib/gcc/arm-none-eabi/13.3.1/thumb/v7e-m+fp/hard\libgcc.a

.debug_info     0x00000000     0xc3f2
 .debug_info    0x00000000      0x993 ./Core/Src/HCSR04.o
 .debug_info    0x00000993      0x77b ./Core/Src/gpio.o
 .debug_info    0x0000110e      0x257 ./Core/Src/kalman.o
 .debug_info    0x00001365      0xcd0 ./Core/Src/main.o
 .debug_info    0x00002035      0x2da ./Core/Src/stm32g4xx_hal_msp.o
 .debug_info    0x0000230f      0x8b3 ./Core/Src/stm32g4xx_it.o
 .debug_info    0x00002bc2      0x58e ./Core/Src/system_stm32g4xx.o
 .debug_info    0x00003150     0x124e ./Core/Src/tim.o
 .debug_info    0x0000439e       0x30 ./Core/Startup/startup_stm32g474retx.o
 .debug_info    0x000043ce      0xb95 ./Drivers/STM32G4xx_HAL_Driver/Src/stm32g4xx_hal.o
 .debug_info    0x00004f63      0xdf9 ./Drivers/STM32G4xx_HAL_Driver/Src/stm32g4xx_hal_cortex.o
 .debug_info    0x00005d5c      0x772 ./Drivers/STM32G4xx_HAL_Driver/Src/stm32g4xx_hal_gpio.o
 .debug_info    0x000064ce      0x944 ./Drivers/STM32G4xx_HAL_Driver/Src/stm32g4xx_hal_pwr_ex.o
 .debug_info    0x00006e12      0xbf9 ./Drivers/STM32G4xx_HAL_Driver/Src/stm32g4xx_hal_rcc.o
 .debug_info    0x00007a0b     0x2c52 ./Drivers/STM32G4xx_HAL_Driver/Src/stm32g4xx_hal_tim.o
 .debug_info    0x0000a65d     0x1d95 ./Drivers/STM32G4xx_HAL_Driver/Src/stm32g4xx_hal_tim_ex.o

.debug_abbrev   0x00000000     0x1edd
 .debug_abbrev  0x00000000      0x20f ./Core/Src/HCSR04.o
 .debug_abbrev  0x0000020f      0x162 ./Core/Src/gpio.o
 .debug_abbrev  0x00000371       0xdd ./Core/Src/kalman.o
 .debug_abbrev  0x0000044e      0x2b2 ./Core/Src/main.o
 .debug_abbrev  0x00000700       0xd9 ./Core/Src/stm32g4xx_hal_msp.o
 .debug_abbrev  0x000007d9      0x1c2 ./Core/Src/stm32g4xx_it.o
 .debug_abbrev  0x0000099b      0x11a ./Core/Src/system_stm32g4xx.o
 .debug_abbrev  0x00000ab5      0x244 ./Core/Src/tim.o
 .debug_abbrev  0x00000cf9       0x24 ./Core/Startup/startup_stm32g474retx.o
 .debug_abbrev  0x00000d1d      0x271 ./Drivers/STM32G4xx_HAL_Driver/Src/stm32g4xx_hal.o
 .debug_abbrev  0x00000f8e      0x31c ./Drivers/STM32G4xx_HAL_Driver/Src/stm32g4xx_hal_cortex.o
 .debug_abbrev  0x000012aa      0x1d2 ./Drivers/STM32G4xx_HAL_Driver/Src/stm32g4xx_hal_gpio.o
 .debug_abbrev  0x0000147c      0x22c ./Drivers/STM32G4xx_HAL_Driver/Src/stm32g4xx_hal_pwr_ex.o
 .debug_abbrev  0x000016a8      0x2c9 ./Drivers/STM32G4xx_HAL_Driver/Src/stm32g4xx_hal_rcc.o
 .debug_abbrev  0x00001971      0x2a7 ./Drivers/STM32G4xx_HAL_Driver/Src/stm32g4xx_hal_tim.o
 .debug_abbrev  0x00001c18      0x2c5 ./Drivers/STM32G4xx_HAL_Driver/Src/stm32g4xx_hal_tim_ex.o

.debug_aranges  0x00000000      0xca8
 .debug_aranges
                0x00000000       0x40 ./Core/Src/HCSR04.o
 .debug_aranges
                0x00000040       0x20 ./Core/Src/gpio.o
 .debug_aranges
                0x00000060       0x30 ./Core/Src/kalman.o
 .debug_aranges
                0x00000090       0x38 ./Core/Src/main.o
 .debug_aranges
                0x000000c8       0x20 ./Core/Src/stm32g4xx_hal_msp.o
 .debug_aranges
                0x000000e8       0x70 ./Core/Src/stm32g4xx_it.o
 .debug_aranges
                0x00000158       0x28 ./Core/Src/system_stm32g4xx.o
 .debug_aranges
                0x00000180       0x40 ./Core/Src/tim.o
 .debug_aranges
                0x000001c0       0x28 ./Core/Startup/startup_stm32g474retx.o
 .debug_aranges
                0x000001e8      0x148 ./Drivers/STM32G4xx_HAL_Driver/Src/stm32g4xx_hal.o
 .debug_aranges
                0x00000330      0x128 ./Drivers/STM32G4xx_HAL_Driver/Src/stm32g4xx_hal_cortex.o
 .debug_aranges
                0x00000458       0x58 ./Drivers/STM32G4xx_HAL_Driver/Src/stm32g4xx_hal_gpio.o
 .debug_aranges
                0x000004b0      0x140 ./Drivers/STM32G4xx_HAL_Driver/Src/stm32g4xx_hal_pwr_ex.o
 .debug_aranges
                0x000005f0       0x98 ./Drivers/STM32G4xx_HAL_Driver/Src/stm32g4xx_hal_rcc.o
 .debug_aranges
                0x00000688      0x3e0 ./Drivers/STM32G4xx_HAL_Driver/Src/stm32g4xx_hal_tim.o
 .debug_aranges
                0x00000a68      0x240 ./Drivers/STM32G4xx_HAL_Driver/Src/stm32g4xx_hal_tim_ex.o

.debug_rnglists
                0x00000000      0x9b5
 .debug_rnglists
                0x00000000       0x2d ./Core/Src/HCSR04.o
 .debug_rnglists
                0x0000002d       0x14 ./Core/Src/gpio.o
 .debug_rnglists
                0x00000041       0x22 ./Core/Src/kalman.o
 .debug_rnglists
                0x00000063       0x27 ./Core/Src/main.o
 .debug_rnglists
                0x0000008a       0x13 ./Core/Src/stm32g4xx_hal_msp.o
 .debug_rnglists
                0x0000009d       0x4f ./Core/Src/stm32g4xx_it.o
 .debug_rnglists
                0x000000ec       0x1a ./Core/Src/system_stm32g4xx.o
 .debug_rnglists
                0x00000106       0x2e ./Core/Src/tim.o
 .debug_rnglists
                0x00000134       0x19 ./Core/Startup/startup_stm32g474retx.o
 .debug_rnglists
                0x0000014d       0xf1 ./Drivers/STM32G4xx_HAL_Driver/Src/stm32g4xx_hal.o
 .debug_rnglists
                0x0000023e       0xda ./Drivers/STM32G4xx_HAL_Driver/Src/stm32g4xx_hal_cortex.o
 .debug_rnglists
                0x00000318       0x3f ./Drivers/STM32G4xx_HAL_Driver/Src/stm32g4xx_hal_gpio.o
 .debug_rnglists
                0x00000357       0xf1 ./Drivers/STM32G4xx_HAL_Driver/Src/stm32g4xx_hal_pwr_ex.o
 .debug_rnglists
                0x00000448       0x74 ./Drivers/STM32G4xx_HAL_Driver/Src/stm32g4xx_hal_rcc.o
 .debug_rnglists
                0x000004bc      0x32d ./Drivers/STM32G4xx_HAL_Driver/Src/stm32g4xx_hal_tim.o
 .debug_rnglists
                0x000007e9      0x1cc ./Drivers/STM32G4xx_HAL_Driver/Src/stm32g4xx_hal_tim_ex.o

.debug_macro    0x00000000    0x24f41
 .debug_macro   0x00000000      0x1e7 ./Core/Src/HCSR04.o
 .debug_macro   0x000001e7      0xad8 ./Core/Src/HCSR04.o
 .debug_macro   0x00000cbf      0x155 ./Core/Src/HCSR04.o
 .debug_macro   0x00000e14       0x2e ./Core/Src/HCSR04.o
 .debug_macro   0x00000e42       0x28 ./Core/Src/HCSR04.o
 .debug_macro   0x00000e6a       0x22 ./Core/Src/HCSR04.o
 .debug_macro   0x00000e8c       0x8e ./Core/Src/HCSR04.o
 .debug_macro   0x00000f1a       0x51 ./Core/Src/HCSR04.o
 .debug_macro   0x00000f6b      0x103 ./Core/Src/HCSR04.o
 .debug_macro   0x0000106e       0x6a ./Core/Src/HCSR04.o
 .debug_macro   0x000010d8      0x1df ./Core/Src/HCSR04.o
 .debug_macro   0x000012b7       0x1c ./Core/Src/HCSR04.o
 .debug_macro   0x000012d3       0x22 ./Core/Src/HCSR04.o
 .debug_macro   0x000012f5       0xfb ./Core/Src/HCSR04.o
 .debug_macro   0x000013f0     0x1011 ./Core/Src/HCSR04.o
 .debug_macro   0x00002401      0x11f ./Core/Src/HCSR04.o
 .debug_macro   0x00002520    0x18b8c ./Core/Src/HCSR04.o
 .debug_macro   0x0001b0ac       0x6d ./Core/Src/HCSR04.o
 .debug_macro   0x0001b119     0x3558 ./Core/Src/HCSR04.o
 .debug_macro   0x0001e671      0x190 ./Core/Src/HCSR04.o
 .debug_macro   0x0001e801       0x5c ./Core/Src/HCSR04.o
 .debug_macro   0x0001e85d     0x171f ./Core/Src/HCSR04.o
 .debug_macro   0x0001ff7c      0x600 ./Core/Src/HCSR04.o
 .debug_macro   0x0002057c      0x1b6 ./Core/Src/HCSR04.o
 .debug_macro   0x00020732      0x34a ./Core/Src/HCSR04.o
 .debug_macro   0x00020a7c      0x53c ./Core/Src/HCSR04.o
 .debug_macro   0x00020fb8      0x18b ./Core/Src/HCSR04.o
 .debug_macro   0x00021143       0x43 ./Core/Src/HCSR04.o
 .debug_macro   0x00021186      0x23d ./Core/Src/HCSR04.o
 .debug_macro   0x000213c3      0x211 ./Core/Src/HCSR04.o
 .debug_macro   0x000215d4      0x45c ./Core/Src/HCSR04.o
 .debug_macro   0x00021a30      0x11c ./Core/Src/HCSR04.o
 .debug_macro   0x00021b4c      0x122 ./Core/Src/HCSR04.o
 .debug_macro   0x00021c6e      0x3d1 ./Core/Src/HCSR04.o
 .debug_macro   0x0002203f      0xc0b ./Core/Src/HCSR04.o
 .debug_macro   0x00022c4a      0x718 ./Core/Src/HCSR04.o
 .debug_macro   0x00023362      0x358 ./Core/Src/HCSR04.o
 .debug_macro   0x000236ba       0x8e ./Core/Src/HCSR04.o
 .debug_macro   0x00023748      0x1d3 ./Core/Src/gpio.o
 .debug_macro   0x0002391b       0x1b ./Core/Src/kalman.o
 .debug_macro   0x00023936      0x1fd ./Core/Src/main.o
 .debug_macro   0x00023b33      0x1c9 ./Core/Src/stm32g4xx_hal_msp.o
 .debug_macro   0x00023cfc      0x1d3 ./Core/Src/stm32g4xx_it.o
 .debug_macro   0x00023ecf      0x1ba ./Core/Src/system_stm32g4xx.o
 .debug_macro   0x00024089      0x1d3 ./Core/Src/tim.o
 .debug_macro   0x0002425c      0x208 ./Drivers/STM32G4xx_HAL_Driver/Src/stm32g4xx_hal.o
 .debug_macro   0x00024464      0x1ba ./Drivers/STM32G4xx_HAL_Driver/Src/stm32g4xx_hal_cortex.o
 .debug_macro   0x0002461e      0x1c1 ./Drivers/STM32G4xx_HAL_Driver/Src/stm32g4xx_hal_gpio.o
 .debug_macro   0x000247df      0x1e4 ./Drivers/STM32G4xx_HAL_Driver/Src/stm32g4xx_hal_pwr_ex.o
 .debug_macro   0x000249c3      0x1fc ./Drivers/STM32G4xx_HAL_Driver/Src/stm32g4xx_hal_rcc.o
 .debug_macro   0x00024bbf      0x1c2 ./Drivers/STM32G4xx_HAL_Driver/Src/stm32g4xx_hal_tim.o
 .debug_macro   0x00024d81      0x1c0 ./Drivers/STM32G4xx_HAL_Driver/Src/stm32g4xx_hal_tim_ex.o

.debug_line     0x00000000     0xdc14
 .debug_line    0x00000000      0x8de ./Core/Src/HCSR04.o
 .debug_line    0x000008de      0x762 ./Core/Src/gpio.o
 .debug_line    0x00001040      0x213 ./Core/Src/kalman.o
 .debug_line    0x00001253      0x803 ./Core/Src/main.o
 .debug_line    0x00001a56      0x737 ./Core/Src/stm32g4xx_hal_msp.o
 .debug_line    0x0000218d      0x815 ./Core/Src/stm32g4xx_it.o
 .debug_line    0x000029a2      0x7a3 ./Core/Src/system_stm32g4xx.o
 .debug_line    0x00003145      0x8c4 ./Core/Src/tim.o
 .debug_line    0x00003a09       0x7b ./Core/Startup/startup_stm32g474retx.o
 .debug_line    0x00003a84      0xb6f ./Drivers/STM32G4xx_HAL_Driver/Src/stm32g4xx_hal.o
 .debug_line    0x000045f3      0xcd4 ./Drivers/STM32G4xx_HAL_Driver/Src/stm32g4xx_hal_cortex.o
 .debug_line    0x000052c7      0xb5b ./Drivers/STM32G4xx_HAL_Driver/Src/stm32g4xx_hal_gpio.o
 .debug_line    0x00005e22      0xcce ./Drivers/STM32G4xx_HAL_Driver/Src/stm32g4xx_hal_pwr_ex.o
 .debug_line    0x00006af0      0xff2 ./Drivers/STM32G4xx_HAL_Driver/Src/stm32g4xx_hal_rcc.o
 .debug_line    0x00007ae2     0x40bc ./Drivers/STM32G4xx_HAL_Driver/Src/stm32g4xx_hal_tim.o
 .debug_line    0x0000bb9e     0x2076 ./Drivers/STM32G4xx_HAL_Driver/Src/stm32g4xx_hal_tim_ex.o

.debug_str      0x00000000    0xf1799
 .debug_str     0x00000000    0xf1799 ./Core/Src/HCSR04.o
                              0xedffc (size before relaxing)
 .debug_str     0x000f1799        0x0 ./Core/Src/gpio.o
                              0xee10b (size before relaxing)
 .debug_str     0x000f1799        0x0 ./Core/Src/kalman.o
                               0x2eec (size before relaxing)
 .debug_str     0x000f1799        0x0 ./Core/Src/main.o
                              0xee1e7 (size before relaxing)
 .debug_str     0x000f1799        0x0 ./Core/Src/stm32g4xx_hal_msp.o
                              0xed9f5 (size before relaxing)
 .debug_str     0x000f1799        0x0 ./Core/Src/stm32g4xx_it.o
                              0xedf94 (size before relaxing)
 .debug_str     0x000f1799        0x0 ./Core/Src/system_stm32g4xx.o
                              0xed844 (size before relaxing)
 .debug_str     0x000f1799        0x0 ./Core/Src/tim.o
                              0xee9ba (size before relaxing)
 .debug_str     0x000f1799        0x0 ./Core/Startup/startup_stm32g474retx.o
                                 0x81 (size before relaxing)
 .debug_str     0x000f1799        0x0 ./Drivers/STM32G4xx_HAL_Driver/Src/stm32g4xx_hal.o
                              0xee556 (size before relaxing)
 .debug_str     0x000f1799        0x0 ./Drivers/STM32G4xx_HAL_Driver/Src/stm32g4xx_hal_cortex.o
                              0xee212 (size before relaxing)
 .debug_str     0x000f1799        0x0 ./Drivers/STM32G4xx_HAL_Driver/Src/stm32g4xx_hal_gpio.o
                              0xed9cf (size before relaxing)
 .debug_str     0x000f1799        0x0 ./Drivers/STM32G4xx_HAL_Driver/Src/stm32g4xx_hal_pwr_ex.o
                              0xedd32 (size before relaxing)
 .debug_str     0x000f1799        0x0 ./Drivers/STM32G4xx_HAL_Driver/Src/stm32g4xx_hal_rcc.o
                              0xedf63 (size before relaxing)
 .debug_str     0x000f1799        0x0 ./Drivers/STM32G4xx_HAL_Driver/Src/stm32g4xx_hal_tim.o
                              0xeed42 (size before relaxing)
 .debug_str     0x000f1799        0x0 ./Drivers/STM32G4xx_HAL_Driver/Src/stm32g4xx_hal_tim_ex.o
                              0xee9b6 (size before relaxing)

.comment        0x00000000       0x43
 .comment       0x00000000       0x43 ./Core/Src/HCSR04.o
                                 0x44 (size before relaxing)
 .comment       0x00000043        0x0 ./Core/Src/gpio.o
                                 0x44 (size before relaxing)
 .comment       0x00000043        0x0 ./Core/Src/kalman.o
                                 0x44 (size before relaxing)
 .comment       0x00000043        0x0 ./Core/Src/main.o
                                 0x44 (size before relaxing)
 .comment       0x00000043        0x0 ./Core/Src/stm32g4xx_hal_msp.o
                                 0x44 (size before relaxing)
 .comment       0x00000043        0x0 ./Core/Src/stm32g4xx_it.o
                                 0x44 (size before relaxing)
 .comment       0x00000043        0x0 ./Core/Src/system_stm32g4xx.o
                                 0x44 (size before relaxing)
 .comment       0x00000043        0x0 ./Core/Src/tim.o
                                 0x44 (size before relaxing)
 .comment       0x00000043        0x0 ./Drivers/STM32G4xx_HAL_Driver/Src/stm32g4xx_hal.o
                                 0x44 (size before relaxing)
 .comment       0x00000043        0x0 ./Drivers/STM32G4xx_HAL_Driver/Src/stm32g4xx_hal_cortex.o
                                 0x44 (size before relaxing)
 .comment       0x00000043        0x0 ./Drivers/STM32G4xx_HAL_Driver/Src/stm32g4xx_hal_gpio.o
                                 0x44 (size before relaxing)
 .comment       0x00000043        0x0 ./Drivers/STM32G4xx_HAL_Driver/Src/stm32g4xx_hal_pwr_ex.o
                                 0x44 (size before relaxing)
 .comment       0x00000043        0x0 ./Drivers/STM32G4xx_HAL_Driver/Src/stm32g4xx_hal_rcc.o
                                 0x44 (size before relaxing)
 .comment       0x00000043        0x0 ./Drivers/STM32G4xx_HAL_Driver/Src/stm32g4xx_hal_tim.o
                                 0x44 (size before relaxing)
 .comment       0x00000043        0x0 ./Drivers/STM32G4xx_HAL_Driver/Src/stm32g4xx_hal_tim_ex.o
                                 0x44 (size before relaxing)

.debug_frame    0x00000000     0x33d8
 .debug_frame   0x00000000       0xb4 ./Core/Src/HCSR04.o
 .debug_frame   0x000000b4       0x34 ./Core/Src/gpio.o
 .debug_frame   0x000000e8       0x88 ./Core/Src/kalman.o
 .debug_frame   0x00000170       0x94 ./Core/Src/main.o
 .debug_frame   0x00000204       0x34 ./Core/Src/stm32g4xx_hal_msp.o
 .debug_frame   0x00000238      0x13c ./Core/Src/stm32g4xx_it.o
 .debug_frame   0x00000374       0x58 ./Core/Src/system_stm32g4xx.o
 .debug_frame   0x000003cc       0xc4 ./Core/Src/tim.o
 .debug_frame   0x00000490      0x500 ./Drivers/STM32G4xx_HAL_Driver/Src/stm32g4xx_hal.o
 .debug_frame   0x00000990      0x4e8 ./Drivers/STM32G4xx_HAL_Driver/Src/stm32g4xx_hal_cortex.o
 .debug_frame   0x00000e78      0x14c ./Drivers/STM32G4xx_HAL_Driver/Src/stm32g4xx_hal_gpio.o
 .debug_frame   0x00000fc4      0x4fc ./Drivers/STM32G4xx_HAL_Driver/Src/stm32g4xx_hal_pwr_ex.o
 .debug_frame   0x000014c0      0x23c ./Drivers/STM32G4xx_HAL_Driver/Src/stm32g4xx_hal_rcc.o
 .debug_frame   0x000016fc     0x1220 ./Drivers/STM32G4xx_HAL_Driver/Src/stm32g4xx_hal_tim.o
 .debug_frame   0x0000291c      0xa70 ./Drivers/STM32G4xx_HAL_Driver/Src/stm32g4xx_hal_tim_ex.o
 .debug_frame   0x0000338c       0x20 C:/ST/STM32CubeIDE_1.19.0/STM32CubeIDE/plugins/com.st.stm32cube.ide.mcu.externaltools.gnu-tools-for-stm32.13.3.rel1.win32_1.0.100.202509120712/tools/bin/../lib/gcc/arm-none-eabi/13.3.1/../../../../arm-none-eabi/lib/thumb/v7e-m+fp/hard\libc_nano.a(libc_a-memset.o)
 .debug_frame   0x000033ac       0x2c C:/ST/STM32CubeIDE_1.19.0/STM32CubeIDE/plugins/com.st.stm32cube.ide.mcu.externaltools.gnu-tools-for-stm32.13.3.rel1.win32_1.0.100.202509120712/tools/bin/../lib/gcc/arm-none-eabi/13.3.1/../../../../arm-none-eabi/lib/thumb/v7e-m+fp/hard\libc_nano.a(libc_a-init.o)

.debug_line_str
                0x00000000       0x65
 .debug_line_str
                0x00000000       0x65 ./Core/Startup/startup_stm32g474retx.o
